[debug] > Exec(early(addDefaultCommands), None, None)
[debug] > Exec(addDefaultCommands, None, None)
[debug] > Exec(early(initialize), None, None)
[debug] > Exec(initialize, None, None)
[debug] > Exec(early(addPluginSbtFile="""C:\Users\kored\AppData\Local\Temp\idea.sbt"""), None, None)
[debug] > Exec(addPluginSbtFile="""C:\Users\kored\AppData\Local\Temp\idea.sbt""", None, None)
[debug] > Exec(boot, None, None)
[debug] > Exec(writeSbtVersion, None, None)
[debug] > Exec(reload, None, None)
[debug] > Exec(sbtStashOnFailure, None, None)
[debug] > Exec(onFailure loadFailed, None, None)
[debug] > Exec(loadp, None, None)
[info] welcome to sbt 1.9.6 (Oracle Corporation Java 23.0.2)
[debug] Load.defaultLoad until apply took 103.8764ms
[debug]           Load.loadUnit: plugins took 99.1298ms
[debug]           Load.loadUnit: defsScala took 1.6212ms
[debug] [Loading] Scanning directory C:\Simulation\scalation_2.0\project
[debug]             Load.loadUnit: mkEval took 9.8415ms
[debug] [Loading] Found non-root projects 
[debug] [Loading] Done in C:\Simulation\scalation_2.0\project, returning: ()
[debug] deducing auto plugins based on known facts Set(Atom(sbt.plugins.CorePlugin)) and clauses Clauses(Clause(Atom(sbt.plugins.JvmPlugin),Set(Atom(sbt.plugins.IvyPlugin)))
[debug] Clause(Atom(sbt.ScriptedPlugin),Set(Atom(sbt.plugins.JvmPlugin)))
[debug] Clause(Atom(sbt.plugins.SbtPlugin),Set(Atom(sbt.ScriptedPlugin)))
[debug] Clause(Atom(sbt.plugins.SemanticdbPlugin),Set(Atom(sbt.plugins.JvmPlugin)))
[debug] Clause(Atom(sbt.plugins.JUnitXmlReportPlugin),Set(Atom(sbt.plugins.JvmPlugin)))
[debug] Clause(Atom(sbt.plugins.MiniDependencyTreePlugin),Set(Atom(sbt.plugins.JvmPlugin)))
[debug] Clause(Atom(sbt.plugins.CorePlugin),Set(Atom(sbt.plugins.IvyPlugin)))
[debug] Clause(Atom(sbt.plugins.IvyPlugin),Set(Atom(sbt.plugins.JvmPlugin)))
[debug] Clause(Atom(sbt.plugins.JvmPlugin),Set(Atom(sbt.plugins.SemanticdbPlugin)))
[debug] Clause(Atom(sbt.plugins.JvmPlugin),Set(Atom(sbt.plugins.JUnitXmlReportPlugin)))
[debug] Clause(Atom(sbt.plugins.CorePlugin),Set(Atom(sbt.plugins.Giter8TemplatePlugin)))
[debug] Clause(Atom(sbt.plugins.JvmPlugin),Set(Atom(sbt.plugins.MiniDependencyTreePlugin))))
[debug]   :: deduced result: Matched(sbt.plugins.CorePlugin,sbt.plugins.Giter8TemplatePlugin,sbt.plugins.IvyPlugin,sbt.plugins.JvmPlugin,sbt.plugins.MiniDependencyTreePlugin,sbt.plugins.JUnitXmlReportPlugin,sbt.plugins.SemanticdbPlugin)
[debug] Plugins.deducer#function took 30.6921 ms
[info] loading settings for project scalation_2-0-build from idea.sbt ...
[debug]               Load.resolveProject(scalation_2-0-build) took 50.2102ms
[debug]             Load.loadTransitive: finalizeProject(Project(id scalation_2-0-build, base: C:\Simulation\scalation_2.0\project, plugins: List(<none>))) took 91.5021ms
[debug] [Loading] Done in C:\Simulation\scalation_2.0\project, returning: (scalation_2-0-build)
[debug]           Load.loadUnit: loadedProjectsRaw took 3280.8799ms
[debug]           Load.loadUnit: cleanEvalClasses took 57.431ms
[debug]         Load.loadUnit(file:/C:/Simulation/scalation_2.0/project/, ...) took 3457.0108ms
[debug]       Load.apply: load took 3656.6587ms
[debug]       Load.apply: resolveProjects took 7.4218ms
[debug]       Load.apply: finalTransforms took 78.3903ms
[debug]       Load.apply: config.delegates took 13.0115ms
[debug]       Load.apply: Def.make(settings)... took 509.9123ms
[debug]       Load.apply: structureIndex took 125.2452ms
[debug]       Load.apply: mkStreams took 3.91ms
[info] loading project definition from C:\Simulation\scalation_2.0\project
[debug] Running task... Cancel: Signal, check cycles: false, forcegc: true
[debug]     Load.loadUnit: plugins took 7081.9821ms
[debug]     Load.loadUnit: defsScala took 0.0022ms
[debug] [Loading] Scanning directory C:\Simulation\scalation_2.0
[debug]       Load.loadUnit: mkEval took 0.3471ms
[debug] [Loading] Found root project scalation w/ remaining 
[debug] deducing auto plugins based on known facts Set(Atom(sbt.plugins.CorePlugin)) and clauses Clauses(Clause(Atom(sbt.plugins.JvmPlugin),Set(Atom(sbt.plugins.IvyPlugin)))
[debug] Clause(Atom(sbt.ScriptedPlugin),Set(Atom(sbt.plugins.JvmPlugin)))
[debug] Clause(Atom(sbt.plugins.SbtPlugin),Set(Atom(sbt.ScriptedPlugin)))
[debug] Clause(Atom(sbt.plugins.SemanticdbPlugin),Set(Atom(sbt.plugins.JvmPlugin)))
[debug] Clause(Atom(sbt.plugins.JUnitXmlReportPlugin),Set(Atom(sbt.plugins.JvmPlugin)))
[debug] Clause(Atom(sbt.plugins.MiniDependencyTreePlugin),Set(Atom(sbt.plugins.JvmPlugin)))
[debug] Clause(Atom(org.jetbrains.sbt.GenerateAllManagedSourcesPlugin),Set(Atom(sbt.plugins.JvmPlugin)))
[debug] Clause(Atom(org.jetbrains.sbt.StructurePlugin),Set(Atom(sbt.plugins.JvmPlugin)))
[debug] Clause(Atom(org.jetbrains.sbt.IdeaShellPlugin),Set(Atom(sbt.plugins.JvmPlugin)))
[debug] Clause(Atom(sbt.plugins.CorePlugin),Set(Atom(sbt.plugins.IvyPlugin)))
[debug] Clause(Atom(sbt.plugins.IvyPlugin),Set(Atom(sbt.plugins.JvmPlugin)))
[debug] Clause(Atom(sbt.plugins.JvmPlugin),Set(Atom(sbt.plugins.SemanticdbPlugin)))
[debug] Clause(Atom(sbt.plugins.JvmPlugin),Set(Atom(sbt.plugins.JUnitXmlReportPlugin)))
[debug] Clause(Atom(sbt.plugins.CorePlugin),Set(Atom(sbt.plugins.Giter8TemplatePlugin)))
[debug] Clause(Atom(sbt.plugins.JvmPlugin),Set(Atom(sbt.plugins.MiniDependencyTreePlugin)))
[debug] Clause(Atom(sbt.plugins.JvmPlugin),Set(Atom(org.jetbrains.sbt.GenerateAllManagedSourcesPlugin)))
[debug] Clause(Atom(sbt.plugins.JvmPlugin),Set(Atom(org.jetbrains.sbt.StructurePlugin)))
[debug] Clause(Atom(sbt.plugins.JvmPlugin),Set(Atom(org.jetbrains.sbt.IdeaShellPlugin))))
[debug]   :: deduced result: Matched(sbt.plugins.CorePlugin,sbt.plugins.Giter8TemplatePlugin,sbt.plugins.IvyPlugin,sbt.plugins.JvmPlugin,org.jetbrains.sbt.GenerateAllManagedSourcesPlugin,sbt.plugins.SemanticdbPlugin,sbt.plugins.JUnitXmlReportPlugin,org.jetbrains.sbt.IdeaShellPlugin,org.jetbrains.sbt.StructurePlugin,sbt.plugins.MiniDependencyTreePlugin)
[debug] Plugins.deducer#function took 2.3582 ms
[info] loading settings for project scalation from build.sbt ...
[debug]         Load.resolveProject(scalation) took 81.8499ms
[debug]       Load.loadTransitive: finalizeProject(Project(id scalation, base: C:\Simulation\scalation_2.0, plugins: List(<none>))) took 85.961ms
[debug] [Loading] Done in C:\Simulation\scalation_2.0, returning: (scalation)
[debug]     Load.loadUnit: loadedProjectsRaw took 1774.8757ms
[debug]     Load.loadUnit: cleanEvalClasses took 27.3332ms
[debug]   Load.loadUnit(file:/C:/Simulation/scalation_2.0/, ...) took 8885.7109ms
[debug] Load.apply: load took 8901.7059ms
[debug] Load.apply: resolveProjects took 0.2212ms
[debug] Load.apply: finalTransforms took 41.001ms
[debug] Load.apply: config.delegates took 0.4094ms
[debug] Load.apply: Def.make(settings)... took 75.7048ms
[debug] Load.apply: structureIndex took 23.647ms
[debug] Load.apply: mkStreams took 0.002ms
[info] set current project to scalation (in build file:/C:/Simulation/scalation_2.0/)
[debug] > Exec(sbtPopOnFailure, None, None)
[debug] > Exec(resumeFromFailure, None, None)
[debug] > Exec(notifyUsersAboutShell, None, None)
[debug] > Exec(iflast shell, None, None)
[debug] > Exec(idea-shell, None, None)
