[debug] > Exec(early(addDefaultCommands), None, None)
[debug] > Exec(addDefaultCommands, None, None)
[debug] > Exec(early(initialize), None, None)
[debug] > Exec(initialize, None, None)
[debug] > Exec(early(addPluginSbtFile="""C:\Users\kored\AppData\Local\Temp\idea.sbt"""), None, None)
[debug] > Exec(addPluginSbtFile="""C:\Users\kored\AppData\Local\Temp\idea.sbt""", None, None)
[debug] > Exec(boot, None, None)
[debug] > Exec(writeSbtVersion, None, None)
[debug] > Exec(reload, None, None)
[debug] > Exec(sbtStashOnFailure, None, None)
[debug] > Exec(onFailure loadFailed, None, None)
[debug] > Exec(loadp, None, None)
[info] welcome to sbt 1.9.6 (Oracle Corporation Java 23.0.2)
[debug]       Load.loadUnit: plugins took 106.1063ms
[debug]       Load.loadUnit: defsScala took 0.2062ms
[debug] [Loading] Scanning directory C:\Users\kored\.sbt\1.0\plugins
[debug] [Loading] Found non-root projects 
[debug] [Loading] Done in C:\Users\kored\.sbt\1.0\plugins, returning: ()
[debug] deducing auto plugins based on known facts Set(Atom(sbt.plugins.CorePlugin)) and clauses Clauses(Clause(Atom(sbt.plugins.JvmPlugin),Set(Atom(sbt.plugins.IvyPlugin)))
[debug] Clause(Atom(sbt.ScriptedPlugin),Set(Atom(sbt.plugins.JvmPlugin)))
[debug] Clause(Atom(sbt.plugins.SbtPlugin),Set(Atom(sbt.ScriptedPlugin)))
[debug] Clause(Atom(sbt.plugins.SemanticdbPlugin),Set(Atom(sbt.plugins.JvmPlugin)))
[debug] Clause(Atom(sbt.plugins.JUnitXmlReportPlugin),Set(Atom(sbt.plugins.JvmPlugin)))
[debug] Clause(Atom(sbt.plugins.MiniDependencyTreePlugin),Set(Atom(sbt.plugins.JvmPlugin)))
[debug] Clause(Atom(sbt.plugins.CorePlugin),Set(Atom(sbt.plugins.IvyPlugin)))
[debug] Clause(Atom(sbt.plugins.IvyPlugin),Set(Atom(sbt.plugins.JvmPlugin)))
[debug] Clause(Atom(sbt.plugins.JvmPlugin),Set(Atom(sbt.plugins.SemanticdbPlugin)))
[debug] Clause(Atom(sbt.plugins.JvmPlugin),Set(Atom(sbt.plugins.JUnitXmlReportPlugin)))
[debug] Clause(Atom(sbt.plugins.CorePlugin),Set(Atom(sbt.plugins.Giter8TemplatePlugin)))
[debug] Clause(Atom(sbt.plugins.JvmPlugin),Set(Atom(sbt.plugins.MiniDependencyTreePlugin))))
[debug]   :: deduced result: Matched(sbt.plugins.CorePlugin,sbt.plugins.Giter8TemplatePlugin,sbt.plugins.IvyPlugin,sbt.plugins.JvmPlugin,sbt.plugins.MiniDependencyTreePlugin,sbt.plugins.JUnitXmlReportPlugin,sbt.plugins.SemanticdbPlugin)
[debug] Plugins.deducer#function took 31.1789 ms
[debug]           Load.resolveProject(global-plugins) took 94.2581ms
[debug]         Load.loadTransitive: finalizeProject(Project(id global-plugins, base: C:\Users\kored\.sbt\1.0\plugins, plugins: List(<none>))) took 149.9401ms
[debug] [Loading] Done in C:\Users\kored\.sbt\1.0\plugins, returning: (global-plugins)
[debug]       Load.loadUnit: loadedProjectsRaw took 187.4767ms
[debug]       Load.loadUnit: cleanEvalClasses took 1.099ms
[debug]     Load.loadUnit(file:/C:/Users/kored/.sbt/1.0/plugins/, ...) took 305.5677ms
[debug]   Load.apply: load took 653.4318ms
[debug]   Load.apply: resolveProjects took 5.0038ms
[debug]   Load.apply: finalTransforms took 116.2498ms
[debug]   Load.apply: config.delegates took 18.1263ms
[debug]   Load.apply: Def.make(settings)... took 809.3255ms
[debug]   Load.apply: structureIndex took 188.3694ms
[debug]   Load.apply: mkStreams took 6.7219ms
[info] loading global plugins from C:\Users\kored\.sbt\1.0\plugins
[debug] Running task... Cancel: Signal, check cycles: false, forcegc: true
[debug] Load.defaultLoad until apply took 10999.6555ms
[debug]           Load.loadUnit: plugins took 32.1926ms
[debug]           Load.loadUnit: defsScala took 0.0027ms
[debug] [Loading] Scanning directory C:\Simulation\scalation_2.0\project
[debug]             Load.loadUnit: mkEval took 10.399ms
[debug] [Loading] Found non-root projects 
[debug] [Loading] Done in C:\Simulation\scalation_2.0\project, returning: ()
[debug] deducing auto plugins based on known facts Set(Atom(sbt.plugins.CorePlugin)) and clauses Clauses(Clause(Atom(sbt.plugins.JvmPlugin),Set(Atom(sbt.plugins.IvyPlugin)))
[debug] Clause(Atom(sbt.ScriptedPlugin),Set(Atom(sbt.plugins.JvmPlugin)))
[debug] Clause(Atom(sbt.plugins.SbtPlugin),Set(Atom(sbt.ScriptedPlugin)))
[debug] Clause(Atom(sbt.plugins.SemanticdbPlugin),Set(Atom(sbt.plugins.JvmPlugin)))
[debug] Clause(Atom(sbt.plugins.JUnitXmlReportPlugin),Set(Atom(sbt.plugins.JvmPlugin)))
[debug] Clause(Atom(sbt.plugins.MiniDependencyTreePlugin),Set(Atom(sbt.plugins.JvmPlugin)))
[debug] Clause(Atom(sbt.plugins.CorePlugin),Set(Atom(sbt.plugins.IvyPlugin)))
[debug] Clause(Atom(sbt.plugins.IvyPlugin),Set(Atom(sbt.plugins.JvmPlugin)))
[debug] Clause(Atom(sbt.plugins.JvmPlugin),Set(Atom(sbt.plugins.SemanticdbPlugin)))
[debug] Clause(Atom(sbt.plugins.JvmPlugin),Set(Atom(sbt.plugins.JUnitXmlReportPlugin)))
[debug] Clause(Atom(sbt.plugins.CorePlugin),Set(Atom(sbt.plugins.Giter8TemplatePlugin)))
[debug] Clause(Atom(sbt.plugins.JvmPlugin),Set(Atom(sbt.plugins.MiniDependencyTreePlugin))))
[debug]   :: deduced result: Matched(sbt.plugins.CorePlugin,sbt.plugins.Giter8TemplatePlugin,sbt.plugins.IvyPlugin,sbt.plugins.JvmPlugin,sbt.plugins.MiniDependencyTreePlugin,sbt.plugins.JUnitXmlReportPlugin,sbt.plugins.SemanticdbPlugin)
[debug] Plugins.deducer#function took 1.19 ms
[info] loading settings for project scalation_2-0-build from idea.sbt ...
[debug]               Load.resolveProject(scalation_2-0-build) took 7.935ms
[debug]             Load.loadTransitive: finalizeProject(Project(id scalation_2-0-build, base: C:\Simulation\scalation_2.0\project, plugins: List(<none>))) took 9.5089ms
[debug] [Loading] Done in C:\Simulation\scalation_2.0\project, returning: (scalation_2-0-build)
[debug]           Load.loadUnit: loadedProjectsRaw took 2477.3684ms
[debug]           Load.loadUnit: cleanEvalClasses took 9.461ms
[debug]         Load.loadUnit(file:/C:/Simulation/scalation_2.0/project/, ...) took 2519.6264ms
[debug]       Load.apply: load took 2520.9652ms
[debug]       Load.apply: resolveProjects took 0.0772ms
[debug]       Load.apply: finalTransforms took 8.499ms
[debug]       Load.apply: config.delegates took 0.3048ms
[debug]       Load.apply: Def.make(settings)... took 63.6019ms
[debug]       Load.apply: structureIndex took 23.9109ms
[debug]       Load.apply: mkStreams took 0.0022ms
[info] loading project definition from C:\Simulation\scalation_2.0\project
[debug] Running task... Cancel: Signal, check cycles: false, forcegc: true
[debug]     Load.loadUnit: plugins took 3000.1069ms
[debug]     Load.loadUnit: defsScala took 0.0026ms
[debug] [Loading] Scanning directory C:\Simulation\scalation_2.0
[debug]       Load.loadUnit: mkEval took 0.2812ms
[debug] [Loading] Found root project scalation w/ remaining 
[debug] deducing auto plugins based on known facts Set(Atom(sbt.plugins.CorePlugin)) and clauses Clauses(Clause(Atom(sbt.plugins.JvmPlugin),Set(Atom(sbt.plugins.IvyPlugin)))
[debug] Clause(Atom(sbt.ScriptedPlugin),Set(Atom(sbt.plugins.JvmPlugin)))
[debug] Clause(Atom(sbt.plugins.SbtPlugin),Set(Atom(sbt.ScriptedPlugin)))
[debug] Clause(Atom(sbt.plugins.SemanticdbPlugin),Set(Atom(sbt.plugins.JvmPlugin)))
[debug] Clause(Atom(sbt.plugins.JUnitXmlReportPlugin),Set(Atom(sbt.plugins.JvmPlugin)))
[debug] Clause(Atom(sbt.plugins.MiniDependencyTreePlugin),Set(Atom(sbt.plugins.JvmPlugin)))
[debug] Clause(Atom(org.jetbrains.sbt.GenerateAllManagedSourcesPlugin),Set(Atom(sbt.plugins.JvmPlugin)))
[debug] Clause(Atom(org.jetbrains.sbt.StructurePlugin),Set(Atom(sbt.plugins.JvmPlugin)))
[debug] Clause(Atom(org.jetbrains.sbt.IdeaShellPlugin),Set(Atom(sbt.plugins.JvmPlugin)))
[debug] Clause(Atom(sbt.plugins.CorePlugin),Set(Atom(sbt.plugins.IvyPlugin)))
[debug] Clause(Atom(sbt.plugins.IvyPlugin),Set(Atom(sbt.plugins.JvmPlugin)))
[debug] Clause(Atom(sbt.plugins.JvmPlugin),Set(Atom(sbt.plugins.SemanticdbPlugin)))
[debug] Clause(Atom(sbt.plugins.JvmPlugin),Set(Atom(sbt.plugins.JUnitXmlReportPlugin)))
[debug] Clause(Atom(sbt.plugins.CorePlugin),Set(Atom(sbt.plugins.Giter8TemplatePlugin)))
[debug] Clause(Atom(sbt.plugins.JvmPlugin),Set(Atom(sbt.plugins.MiniDependencyTreePlugin)))
[debug] Clause(Atom(sbt.plugins.JvmPlugin),Set(Atom(org.jetbrains.sbt.GenerateAllManagedSourcesPlugin)))
[debug] Clause(Atom(sbt.plugins.JvmPlugin),Set(Atom(org.jetbrains.sbt.StructurePlugin)))
[debug] Clause(Atom(sbt.plugins.JvmPlugin),Set(Atom(org.jetbrains.sbt.IdeaShellPlugin))))
[debug]   :: deduced result: Matched(sbt.plugins.CorePlugin,sbt.plugins.Giter8TemplatePlugin,sbt.plugins.IvyPlugin,sbt.plugins.JvmPlugin,org.jetbrains.sbt.GenerateAllManagedSourcesPlugin,sbt.plugins.SemanticdbPlugin,sbt.plugins.JUnitXmlReportPlugin,org.jetbrains.sbt.IdeaShellPlugin,org.jetbrains.sbt.StructurePlugin,sbt.plugins.MiniDependencyTreePlugin)
[debug] Plugins.deducer#function took 1.518 ms
[info] loading settings for project scalation from build.sbt ...
[debug]         Load.resolveProject(scalation) took 49.2641ms
[debug]       Load.loadTransitive: finalizeProject(Project(id scalation, base: C:\Simulation\scalation_2.0, plugins: List(<none>))) took 51.5732ms
[debug] [Loading] Done in C:\Simulation\scalation_2.0, returning: (scalation)
[debug]     Load.loadUnit: loadedProjectsRaw took 1507.7919ms
[debug]     Load.loadUnit: cleanEvalClasses took 20.6743ms
[debug]   Load.loadUnit(file:/C:/Simulation/scalation_2.0/, ...) took 4529.1016ms
[debug] Load.apply: load took 4530.5757ms
[debug] Load.apply: resolveProjects took 0.0812ms
[debug] Load.apply: finalTransforms took 44.8816ms
[debug] Load.apply: config.delegates took 0.2292ms
[debug] Load.apply: Def.make(settings)... took 63.3019ms
[debug] Load.apply: structureIndex took 17.249ms
[debug] Load.apply: mkStreams took 0.0022ms
[info] set current project to scalation (in build file:/C:/Simulation/scalation_2.0/)
[debug] > Exec(sbtPopOnFailure, None, None)
[debug] > Exec(resumeFromFailure, None, None)
[debug] > Exec(notifyUsersAboutShell, None, None)
[debug] > Exec(iflast shell, None, None)
[debug] > Exec(idea-shell, None, None)
