[debug] > Exec(early(addDefaultCommands), None, None)
[debug] > Exec(addDefaultCommands, None, None)
[debug] > Exec(early(initialize), None, None)
[debug] > Exec(initialize, None, None)
[debug] > Exec(early(addPluginSbtFile="""C:\Users\kored\AppData\Local\Temp\idea.sbt"""), None, None)
[debug] > Exec(addPluginSbtFile="""C:\Users\kored\AppData\Local\Temp\idea.sbt""", None, None)
[debug] > Exec(boot, None, None)
[debug] > Exec(writeSbtVersion, None, None)
[debug] > Exec(reload, None, None)
[debug] > Exec(sbtStashOnFailure, None, None)
[debug] > Exec(onFailure loadFailed, None, None)
[debug] > Exec(loadp, None, None)
[info] welcome to sbt 1.11.3 (Oracle Corporation Java 25)
[debug]       Load.loadUnit: plugins took 69.4777ms
[debug]       Load.loadUnit: defsScala took 0.2017ms
[debug] [Loading] Scanning directory C:\Users\kored\.sbt\1.0\plugins
[debug] [Loading] Found non-root projects 
[debug] [Loading] Done in C:\Users\kored\.sbt\1.0\plugins, returning: ()
[debug] deducing auto plugins based on known facts Set(Atom(sbt.plugins.CorePlugin)) and clauses Clauses(Clause(Atom(sbt.plugins.JvmPlugin),Set(Atom(sbt.plugins.IvyPlugin)))
[debug] Clause(Atom(sbt.ScriptedPlugin),Set(Atom(sbt.plugins.JvmPlugin)))
[debug] Clause(Atom(sbt.plugins.SbtPlugin),Set(Atom(sbt.ScriptedPlugin)))
[debug] Clause(Atom(sbt.plugins.SemanticdbPlugin),Set(Atom(sbt.plugins.JvmPlugin)))
[debug] Clause(Atom(sbt.plugins.JUnitXmlReportPlugin),Set(Atom(sbt.plugins.JvmPlugin)))
[debug] Clause(Atom(sbt.plugins.MiniDependencyTreePlugin),Set(Atom(sbt.plugins.JvmPlugin)))
[debug] Clause(Atom(sbt.plugins.CorePlugin),Set(Atom(sbt.plugins.IvyPlugin)))
[debug] Clause(Atom(sbt.plugins.IvyPlugin),Set(Atom(sbt.plugins.JvmPlugin)))
[debug] Clause(Atom(sbt.plugins.JvmPlugin),Set(Atom(sbt.plugins.SemanticdbPlugin)))
[debug] Clause(Atom(sbt.plugins.JvmPlugin),Set(Atom(sbt.plugins.JUnitXmlReportPlugin)))
[debug] Clause(Atom(sbt.plugins.CorePlugin),Set(Atom(sbt.plugins.Giter8TemplatePlugin)))
[debug] Clause(Atom(sbt.plugins.JvmPlugin),Set(Atom(sbt.plugins.MiniDependencyTreePlugin))))
[debug]   :: deduced result: Matched(sbt.plugins.CorePlugin,sbt.plugins.Giter8TemplatePlugin,sbt.plugins.IvyPlugin,sbt.plugins.JvmPlugin,sbt.plugins.MiniDependencyTreePlugin,sbt.plugins.JUnitXmlReportPlugin,sbt.plugins.SemanticdbPlugin)
[debug] Plugins.deducer#function took 11.7485 ms
[debug]           Load.resolveProject(global-plugins) took 40.1991ms
[debug]         Load.loadTransitive: finalizeProject(Project(id global-plugins, base: C:\Users\kored\.sbt\1.0\plugins, plugins: List(<none>))) took 66.6946ms
[debug] [Loading] Done in C:\Users\kored\.sbt\1.0\plugins, returning: (global-plugins)
[debug]       Load.loadUnit: loadedProjectsRaw took 81.9336ms
[debug]       Load.loadUnit: cleanEvalClasses took 0.1821ms
[debug]     Load.loadUnit(file:/C:/Users/kored/.sbt/1.0/plugins/, ...) took 158.8446ms
[debug]   Load.apply: load took 315.5306ms
[debug]   Load.apply: resolveProjects took 5.0463ms
[debug]   Load.apply: finalTransforms took 56.2596ms
[debug]   Load.apply: config.delegates took 8.2022ms
[debug]   Load.apply: Def.make(settings)... took 304.9198ms
[debug]   Load.apply: structureIndex took 68.3003ms
[debug]   Load.apply: mkStreams took 1.0586ms
[info] loading global plugins from C:\Users\kored\.sbt\1.0\plugins
[debug] Running task... Cancel: Signal, check cycles: false, forcegc: true
[debug] Load.defaultLoad until apply took 1605.3432ms
[debug]           Load.loadUnit: plugins took 22.8023ms
[debug]           Load.loadUnit: defsScala took 0.0028ms
[debug] [Loading] Scanning directory C:\Simulation\scalation_2.0\project
[debug]             Load.loadUnit: mkEval took 4.8631ms
[debug] [Loading] Found non-root projects 
[debug] [Loading] Done in C:\Simulation\scalation_2.0\project, returning: ()
[debug] deducing auto plugins based on known facts Set(Atom(sbt.plugins.CorePlugin)) and clauses Clauses(Clause(Atom(sbt.plugins.JvmPlugin),Set(Atom(sbt.plugins.IvyPlugin)))
[debug] Clause(Atom(sbt.ScriptedPlugin),Set(Atom(sbt.plugins.JvmPlugin)))
[debug] Clause(Atom(sbt.plugins.SbtPlugin),Set(Atom(sbt.ScriptedPlugin)))
[debug] Clause(Atom(sbt.plugins.SemanticdbPlugin),Set(Atom(sbt.plugins.JvmPlugin)))
[debug] Clause(Atom(sbt.plugins.JUnitXmlReportPlugin),Set(Atom(sbt.plugins.JvmPlugin)))
[debug] Clause(Atom(sbt.plugins.MiniDependencyTreePlugin),Set(Atom(sbt.plugins.JvmPlugin)))
[debug] Clause(Atom(sbt.plugins.CorePlugin),Set(Atom(sbt.plugins.IvyPlugin)))
[debug] Clause(Atom(sbt.plugins.IvyPlugin),Set(Atom(sbt.plugins.JvmPlugin)))
[debug] Clause(Atom(sbt.plugins.JvmPlugin),Set(Atom(sbt.plugins.SemanticdbPlugin)))
[debug] Clause(Atom(sbt.plugins.JvmPlugin),Set(Atom(sbt.plugins.JUnitXmlReportPlugin)))
[debug] Clause(Atom(sbt.plugins.CorePlugin),Set(Atom(sbt.plugins.Giter8TemplatePlugin)))
[debug] Clause(Atom(sbt.plugins.JvmPlugin),Set(Atom(sbt.plugins.MiniDependencyTreePlugin))))
[debug]   :: deduced result: Matched(sbt.plugins.CorePlugin,sbt.plugins.Giter8TemplatePlugin,sbt.plugins.IvyPlugin,sbt.plugins.JvmPlugin,sbt.plugins.MiniDependencyTreePlugin,sbt.plugins.JUnitXmlReportPlugin,sbt.plugins.SemanticdbPlugin)
[debug] Plugins.deducer#function took 1.5819 ms
[info] loading settings for project scalation_2-0-build from idea.sbt...
[debug]               Load.resolveProject(scalation_2-0-build) took 2.4881ms
[debug]             Load.loadTransitive: finalizeProject(Project(id scalation_2-0-build, base: C:\Simulation\scalation_2.0\project, plugins: List(<none>))) took 4.4718ms
[debug] [Loading] Done in C:\Simulation\scalation_2.0\project, returning: (scalation_2-0-build)
[debug]           Load.loadUnit: loadedProjectsRaw took 1540.5037ms
[debug]           Load.loadUnit: cleanEvalClasses took 5.3594ms
[debug]         Load.loadUnit(file:/C:/Simulation/scalation_2.0/project/, ...) took 1569.3231ms
[debug]       Load.apply: load took 1570.7932ms
[debug]       Load.apply: resolveProjects took 0.1646ms
[debug]       Load.apply: finalTransforms took 17.758ms
[debug]       Load.apply: config.delegates took 0.6193ms
[debug]       Load.apply: Def.make(settings)... took 63.3769ms
[debug]       Load.apply: structureIndex took 24.0106ms
[debug]       Load.apply: mkStreams took 0.0028ms
[info] loading project definition from C:\Simulation\scalation_2.0\project
[debug] Running task... Cancel: Signal, check cycles: false, forcegc: true
[debug]     Load.loadUnit: plugins took 3156.011ms
[debug]     Load.loadUnit: defsScala took 0.003ms
[debug] [Loading] Scanning directory C:\Simulation\scalation_2.0
[debug]       Load.loadUnit: mkEval took 0.3047ms
[debug] [Loading] Found root project scalation w/ remaining 
[debug] deducing auto plugins based on known facts Set(Atom(sbt.plugins.CorePlugin)) and clauses Clauses(Clause(Atom(sbt.plugins.JvmPlugin),Set(Atom(sbt.plugins.IvyPlugin)))
[debug] Clause(Atom(sbt.ScriptedPlugin),Set(Atom(sbt.plugins.JvmPlugin)))
[debug] Clause(Atom(sbt.plugins.SbtPlugin),Set(Atom(sbt.ScriptedPlugin)))
[debug] Clause(Atom(sbt.plugins.SemanticdbPlugin),Set(Atom(sbt.plugins.JvmPlugin)))
[debug] Clause(Atom(sbt.plugins.JUnitXmlReportPlugin),Set(Atom(sbt.plugins.JvmPlugin)))
[debug] Clause(Atom(sbt.plugins.MiniDependencyTreePlugin),Set(Atom(sbt.plugins.JvmPlugin)))
[debug] Clause(Atom(org.jetbrains.sbt.GenerateAllManagedSourcesPlugin),Set(Atom(sbt.plugins.JvmPlugin)))
[debug] Clause(Atom(org.jetbrains.sbt.StructurePlugin),Set(Atom(sbt.plugins.JvmPlugin)))
[debug] Clause(Atom(org.jetbrains.sbt.IdeaShellPlugin),Set(Atom(sbt.plugins.JvmPlugin)))
[debug] Clause(Atom(sbt.plugins.CorePlugin),Set(Atom(sbt.plugins.IvyPlugin)))
[debug] Clause(Atom(sbt.plugins.IvyPlugin),Set(Atom(sbt.plugins.JvmPlugin)))
[debug] Clause(Atom(sbt.plugins.JvmPlugin),Set(Atom(sbt.plugins.SemanticdbPlugin)))
[debug] Clause(Atom(sbt.plugins.JvmPlugin),Set(Atom(sbt.plugins.JUnitXmlReportPlugin)))
[debug] Clause(Atom(sbt.plugins.CorePlugin),Set(Atom(sbt.plugins.Giter8TemplatePlugin)))
[debug] Clause(Atom(sbt.plugins.JvmPlugin),Set(Atom(sbt.plugins.MiniDependencyTreePlugin)))
[debug] Clause(Atom(sbt.plugins.JvmPlugin),Set(Atom(org.jetbrains.sbt.GenerateAllManagedSourcesPlugin)))
[debug] Clause(Atom(sbt.plugins.JvmPlugin),Set(Atom(org.jetbrains.sbt.StructurePlugin)))
[debug] Clause(Atom(sbt.plugins.JvmPlugin),Set(Atom(org.jetbrains.sbt.IdeaShellPlugin))))
[debug]   :: deduced result: Matched(sbt.plugins.CorePlugin,sbt.plugins.Giter8TemplatePlugin,sbt.plugins.IvyPlugin,sbt.plugins.JvmPlugin,org.jetbrains.sbt.GenerateAllManagedSourcesPlugin,sbt.plugins.SemanticdbPlugin,sbt.plugins.JUnitXmlReportPlugin,org.jetbrains.sbt.IdeaShellPlugin,org.jetbrains.sbt.StructurePlugin,sbt.plugins.MiniDependencyTreePlugin)
[debug] Plugins.deducer#function took 2.2727 ms
[info] loading settings for project scalation from build.sbt...
[debug]         Load.resolveProject(scalation) took 46.2466ms
[debug]       Load.loadTransitive: finalizeProject(Project(id scalation, base: C:\Simulation\scalation_2.0, plugins: List(<none>))) took 49.9307ms
[debug] [Loading] Done in C:\Simulation\scalation_2.0, returning: (scalation)
[debug]     Load.loadUnit: loadedProjectsRaw took 3803.4415ms
[debug]     Load.loadUnit: cleanEvalClasses took 26.4013ms
[debug]   Load.loadUnit(file:/C:/Simulation/scalation_2.0/, ...) took 6986.7091ms
[debug] Load.apply: load took 6988.4326ms
[debug] Load.apply: resolveProjects took 0.134ms
[debug] Load.apply: finalTransforms took 27.1967ms
[debug] Load.apply: config.delegates took 0.2809ms
[debug] Load.apply: Def.make(settings)... took 70.6484ms
[debug] Load.apply: structureIndex took 21.7455ms
[debug] Load.apply: mkStreams took 0.0032ms
[info] set current project to scalation (in build file:/C:/Simulation/scalation_2.0/)
[debug] > Exec(sbtPopOnFailure, None, None)
[debug] > Exec(resumeFromFailure, None, None)
[debug] > Exec(notifyUsersAboutShell, None, None)
[debug] > Exec(iflast shell, None, None)
[debug] > Exec(idea-shell, None, None)
