[0m[[0m[0mdebug[0m] [0m[0m> Exec(runMain scalation.simulation.process.example_1.runOneWayVehicle2L, Some(6ee77b34-07f7-4603-b814-e358c73bb1c0), Some(CommandSource(console0)))[0m
[0m[[0m[0mdebug[0m] [0m[0mEvaluating tasks: Compile / runMain[0m
[0m[[0m[0mdebug[0m] [0m[0mRunning task... Cancel: Signal, check cycles: false, forcegc: true[0m
[0m[[0m[31merror[0m] [0m[0m## Exception when compiling 580 sources to C:\Simulation\scalation_2.0\target\scala-3.6.3\classes[0m
[0m[[0m[31merror[0m] [0m[0mjava.nio.file.NoSuchFileException: C:\Simulation\scalation_2.0\target\scala-3.6.3\classes\scalation\random\VariateTen$package.tasty[0m
[0m[[0m[31merror[0m] [0m[0mjava.base/sun.nio.fs.WindowsException.translateToIOException(WindowsException.java:85)[0m
[0m[[0m[31merror[0m] [0m[0mjava.base/sun.nio.fs.WindowsException.rethrowAsIOException(WindowsException.java:103)[0m
[0m[[0m[31merror[0m] [0m[0mjava.base/sun.nio.fs.WindowsException.rethrowAsIOException(WindowsException.java:108)[0m
[0m[[0m[31merror[0m] [0m[0mjava.base/sun.nio.fs.WindowsFileCopy.move(WindowsFileCopy.java:349)[0m
[0m[[0m[31merror[0m] [0m[0mjava.base/sun.nio.fs.WindowsFileSystemProvider.move(WindowsFileSystemProvider.java:291)[0m
[0m[[0m[31merror[0m] [0m[0mjava.base/java.nio.file.Files.move(Files.java:1437)[0m
[0m[[0m[31merror[0m] [0m[0msbt.io.IO$.$anonfun$move$2(IO.scala:1128)[0m
[0m[[0m[31merror[0m] [0m[0msbt.internal.io.Retry$.sbt$internal$io$Retry$$impl(Retry.scala:114)[0m
[0m[[0m[31merror[0m] [0m[0msbt.internal.io.Retry$.apply(Retry.scala:58)[0m
[0m[[0m[31merror[0m] [0m[0msbt.internal.io.Retry$.apply(Retry.scala:40)[0m
[0m[[0m[31merror[0m] [0m[0msbt.internal.io.Retry$.apply(Retry.scala:30)[0m
[0m[[0m[31merror[0m] [0m[0msbt.io.IO$.move(IO.scala:1128)[0m
[0m[[0m[31merror[0m] [0m[0msbt.io.IO$.move(IO.scala:1120)[0m
[0m[[0m[31merror[0m] [0m[0msbt.internal.inc.ClassFileManager$TransactionalClassFileManager.move(ClassFileManager.scala:249)[0m
[0m[[0m[31merror[0m] [0m[0msbt.internal.inc.ClassFileManager$TransactionalClassFileManager.$anonfun$deleteImpl$4(ClassFileManager.scala:211)[0m
[0m[[0m[31merror[0m] [0m[0mscala.collection.Iterator.foreach(Iterator.scala:943)[0m
[0m[[0m[31merror[0m] [0m[0mscala.collection.Iterator.foreach$(Iterator.scala:943)[0m
[0m[[0m[31merror[0m] [0m[0mscala.collection.AbstractIterator.foreach(Iterator.scala:1431)[0m
[0m[[0m[31merror[0m] [0m[0mscala.collection.IterableLike.foreach(IterableLike.scala:74)[0m
[0m[[0m[31merror[0m] [0m[0mscala.collection.IterableLike.foreach$(IterableLike.scala:73)[0m
[0m[[0m[31merror[0m] [0m[0mscala.collection.AbstractIterable.foreach(Iterable.scala:56)[0m
[0m[[0m[31merror[0m] [0m[0msbt.internal.inc.ClassFileManager$TransactionalClassFileManager.deleteImpl(ClassFileManager.scala:211)[0m
[0m[[0m[31merror[0m] [0m[0msbt.internal.inc.ClassFileManager$TransactionalClassFileManager.delete(ClassFileManager.scala:202)[0m
[0m[[0m[31merror[0m] [0m[0mxsbti.compile.WrappedClassFileManager.delete(WrappedClassFileManager.java:45)[0m
[0m[[0m[31merror[0m] [0m[0msbt.internal.inc.IncrementalCommon$.pruneClassFilesOfInvalidations(IncrementalCommon.scala:884)[0m
[0m[[0m[31merror[0m] [0m[0msbt.internal.inc.IncrementalCommon$CycleState.next(IncrementalCommon.scala:93)[0m
[0m[[0m[31merror[0m] [0m[0msbt.internal.inc.IncrementalCommon$$anon$1.next(IncrementalCommon.scala:56)[0m
[0m[[0m[31merror[0m] [0m[0msbt.internal.inc.IncrementalCommon$$anon$1.next(IncrementalCommon.scala:52)[0m
[0m[[0m[31merror[0m] [0m[0msbt.internal.inc.IncrementalCommon.cycle(IncrementalCommon.scala:264)[0m
[0m[[0m[31merror[0m] [0m[0msbt.internal.inc.Incremental$.$anonfun$incrementalCompile$8(Incremental.scala:413)[0m
[0m[[0m[31merror[0m] [0m[0msbt.internal.inc.Incremental$.withClassfileManager(Incremental.scala:500)[0m
[0m[[0m[31merror[0m] [0m[0msbt.internal.inc.Incremental$.incrementalCompile(Incremental.scala:400)[0m
[0m[[0m[31merror[0m] [0m[0msbt.internal.inc.Incremental$.apply(Incremental.scala:208)[0m
[0m[[0m[31merror[0m] [0m[0msbt.internal.inc.IncrementalCompilerImpl.compileInternal(IncrementalCompilerImpl.scala:542)[0m
[0m[[0m[31merror[0m] [0m[0msbt.internal.inc.IncrementalCompilerImpl.$anonfun$compileIncrementally$1(IncrementalCompilerImpl.scala:496)[0m
[0m[[0m[31merror[0m] [0m[0msbt.internal.inc.IncrementalCompilerImpl.handleCompilationError(IncrementalCompilerImpl.scala:332)[0m
[0m[[0m[31merror[0m] [0m[0msbt.internal.inc.IncrementalCompilerImpl.compileIncrementally(IncrementalCompilerImpl.scala:433)[0m
[0m[[0m[31merror[0m] [0m[0msbt.internal.inc.IncrementalCompilerImpl.compile(IncrementalCompilerImpl.scala:137)[0m
[0m[[0m[31merror[0m] [0m[0msbt.Defaults$.compileIncrementalTaskImpl(Defaults.scala:2490)[0m
[0m[[0m[31merror[0m] [0m[0msbt.Defaults$.$anonfun$compileIncrementalTask$2(Defaults.scala:2440)[0m
[0m[[0m[31merror[0m] [0m[0msbt.internal.server.BspCompileTask$.$anonfun$compute$1(BspCompileTask.scala:41)[0m
[0m[[0m[31merror[0m] [0m[0msbt.internal.io.Retry$.sbt$internal$io$Retry$$impl(Retry.scala:114)[0m
[0m[[0m[31merror[0m] [0m[0msbt.internal.io.Retry$.io(Retry.scala:102)[0m
[0m[[0m[31merror[0m] [0m[0msbt.internal.io.Retry$.io(Retry.scala:78)[0m
[0m[[0m[31merror[0m] [0m[0msbt.internal.io.Retry$.io(Retry.scala:67)[0m
[0m[[0m[31merror[0m] [0m[0msbt.internal.server.BspCompileTask$.compute(BspCompileTask.scala:41)[0m
[0m[[0m[31merror[0m] [0m[0msbt.Defaults$.$anonfun$compileIncrementalTask$1(Defaults.scala:2438)[0m
[0m[[0m[31merror[0m] [0m[0mscala.Function1.$anonfun$compose$1(Function1.scala:49)[0m
[0m[[0m[31merror[0m] [0m[0msbt.internal.util.$tilde$greater.$anonfun$$u2219$1(TypeFunctions.scala:63)[0m
[0m[[0m[31merror[0m] [0m[0msbt.std.Transform$$anon$4.work(Transform.scala:69)[0m
[0m[[0m[31merror[0m] [0m[0msbt.Execute.$anonfun$submit$2(Execute.scala:283)[0m
[0m[[0m[31merror[0m] [0m[0msbt.internal.util.ErrorHandling$.wideConvert(ErrorHandling.scala:24)[0m
[0m[[0m[31merror[0m] [0m[0msbt.Execute.work(Execute.scala:292)[0m
[0m[[0m[31merror[0m] [0m[0msbt.Execute.$anonfun$submit$1(Execute.scala:283)[0m
[0m[[0m[31merror[0m] [0m[0msbt.ConcurrentRestrictions$$anon$4.$anonfun$submitValid$1(ConcurrentRestrictions.scala:265)[0m
[0m[[0m[31merror[0m] [0m[0msbt.CompletionService$$anon$2.call(CompletionService.scala:65)[0m
[0m[[0m[31merror[0m] [0m[0mjava.base/java.util.concurrent.FutureTask.run(FutureTask.java:317)[0m
[0m[[0m[31merror[0m] [0m[0mjava.base/java.util.concurrent.Executors$RunnableAdapter.call(Executors.java:572)[0m
[0m[[0m[31merror[0m] [0m[0mjava.base/java.util.concurrent.FutureTask.run(FutureTask.java:317)[0m
[0m[[0m[31merror[0m] [0m[0mjava.base/java.util.concurrent.ThreadPoolExecutor.runWorker(ThreadPoolExecutor.java:1144)[0m
[0m[[0m[31merror[0m] [0m[0mjava.base/java.util.concurrent.ThreadPoolExecutor$Worker.run(ThreadPoolExecutor.java:642)[0m
[0m[[0m[31merror[0m] [0m[0mjava.base/java.lang.Thread.run(Thread.java:1575)[0m
[0m[[0m[31merror[0m] [0m[0m           [0m
[0m[[0m[0minfo[0m] [0m[0mcompiling 578 Scala sources and 2 Java sources to C:\Simulation\scalation_2.0\target\scala-3.6.3\classes ...[0m
