2025.11.08 10:55:14 INFO  Started: Metals version 1.6.3 in folders '/mnt/c/Simulation/scalation_2.0' for client Visual Studio Code 1.105.1.[0m
2025.11.08 10:55:15 WARN  Using H2 2.4.240 which is newer than the version Flyway has been verified with. The latest verified version of H2 is 2.3.232.[0m
2025.11.08 10:55:44 INFO  no build target found for /mnt/c/Simulation/scalation_2.0/src/main/scala/scalation/simulation/process/example_1/CalRoute101.scala. Using presentation compiler with project's scala-library version: 3.3.6[0m
2025.11.08 10:55:51 INFO  no build target found for /mnt/c/Simulation/scalation_2.0/src/main/scala/scalation/simulation/process/example_1/CalRoute101.scala. Using presentation compiler with project's scala-library version: 3.3.6[0m
Nov 08, 2025 10:55:51 AM org.eclipse.lsp4j.jsonrpc.RemoteEndpoint handleCancellation
WARNING: Unmatched cancel notification for request id 1
2025.11.08 10:55:51 INFO  no build target found for /mnt/c/Simulation/scalation_2.0/src/main/scala/scalation/simulation/process/example_1/CalRoute101.scala. Using presentation compiler with project's scala-library version: 3.3.6[0m
2025.11.08 10:55:51 INFO  no build target found for /mnt/c/Simulation/scalation_2.0/src/main/scala/scalation/simulation/process/example_1/CalRoute101.scala. Using presentation compiler with project's scala-library version: 3.3.6[0m
Nov 08, 2025 10:55:52 AM org.eclipse.lsp4j.jsonrpc.RemoteEndpoint handleCancellation
WARNING: Unmatched cancel notification for request id 4
2025.11.08 10:55:52 INFO  no build target found for /mnt/c/Simulation/scalation_2.0/src/main/scala/scalation/simulation/process/example_1/CalRoute101.scala. Using presentation compiler with project's scala-library version: 3.3.6[0m
2025.11.08 10:55:52 INFO  no build target found for /mnt/c/Simulation/scalation_2.0/src/main/scala/scalation/simulation/process/example_1/CalRoute101.scala. Using presentation compiler with project's scala-library version: 3.3.6[0m
2025.11.08 10:55:52 INFO  no build target found for /mnt/c/Simulation/scalation_2.0/src/main/scala/scalation/simulation/process/example_1/CalRoute101.scala. Using presentation compiler with project's scala-library version: 3.3.6[0m
2025.11.08 15:17:11 INFO  no build target found for /mnt/c/Simulation/scalation_2.0/src/main/scala/scalation/simulation/process/example_1/CalRoute101.scala. Using presentation compiler with project's scala-library version: 3.3.6[0m
2025.11.08 15:17:13 INFO  no build target found for /mnt/c/Simulation/scalation_2.0/src/main/scala/scalation/simulation/process/example_1/CalRoute101.scala. Using presentation compiler with project's scala-library version: 3.3.6[0m
2025.11.08 15:17:14 INFO  no build target found for /mnt/c/Simulation/scalation_2.0/src/main/scala/scalation/simulation/process/example_1/CalRoute101.scala. Using presentation compiler with project's scala-library version: 3.3.6[0m
2025.11.08 15:17:18 INFO  no build target found for /mnt/c/Simulation/scalation_2.0/src/main/scala/scalation/simulation/process/example_1/CalRoute101.scala. Using presentation compiler with project's scala-library version: 3.3.6[0m
2025.11.08 15:17:28 INFO  no build target found for /mnt/c/Simulation/scalation_2.0/src/main/scala/scalation/simulation/process/example_1/CalRoute101.scala. Using presentation compiler with project's scala-library version: 3.3.6[0m
2025.11.08 15:17:28 WARN  no build target for: /mnt/c/Simulation/scalation_2.0/src/main/scala/scalation/simulation/process/example_1/CalRoute101.scala[0m
2025.11.08 15:17:28 INFO  no build target found for /mnt/c/Simulation/scalation_2.0/src/main/scala/scalation/simulation/process/example_1/CalRoute101.scala. Using presentation compiler with project's scala-library version: 3.3.6[0m
2025.11.08 15:17:42 INFO  no build target found for /mnt/c/Simulation/scalation_2.0/src/main/scala/scalation/simulation/process/example_1/CalRoute101.scala. Using presentation compiler with project's scala-library version: 3.3.6[0m
2025.11.08 15:17:43 INFO  no build target found for /mnt/c/Simulation/scalation_2.0/src/main/scala/scalation/simulation/process/example_1/CalRoute101.scala. Using presentation compiler with project's scala-library version: 3.3.6[0m
2025.11.08 15:17:45 INFO  no build target found for /mnt/c/Simulation/scalation_2.0/src/main/scala/scalation/simulation/process/example_1/CalRoute101.scala. Using presentation compiler with project's scala-library version: 3.3.6[0m
2025.11.08 15:17:45 INFO  no build target found for /mnt/c/Simulation/scalation_2.0/src/main/scala/scalation/simulation/process/example_1/CalRoute101.scala. Using presentation compiler with project's scala-library version: 3.3.6[0m
2025.11.08 16:47:37 INFO  no build target found for /mnt/c/Simulation/scalation_2.0/src/main/scala/scalation/simulation/process/example_1/CalRoute101.scala. Using presentation compiler with project's scala-library version: 3.3.6[0m
2025.11.08 16:47:40 INFO  no build target found for /mnt/c/Simulation/scalation_2.0/src/main/scala/scalation/simulation/process/example_1/CalRoute101.scala. Using presentation compiler with project's scala-library version: 3.3.6[0m
2025.11.08 16:47:40 INFO  no build target found for /mnt/c/Simulation/scalation_2.0/src/main/scala/scalation/simulation/process/example_1/CalRoute101.scala. Using presentation compiler with project's scala-library version: 3.3.6[0m
2025.11.08 16:47:45 INFO  no build target found for /mnt/c/Simulation/scalation_2.0/src/main/scala/scalation/simulation/process/example_1/CalRoute101.scala. Using presentation compiler with project's scala-library version: 3.3.6[0m
2025.11.08 16:49:05 INFO  no build target found for /mnt/c/Simulation/scalation_2.0/src/main/scala/scalation/simulation/process/example_1/CalRoute101.scala. Using presentation compiler with project's scala-library version: 3.3.6[0m
2025.11.08 16:49:05 INFO  no build target found for /mnt/c/Simulation/scalation_2.0/src/main/scala/scalation/simulation/process/example_1/CalRoute101.scala. Using presentation compiler with project's scala-library version: 3.3.6[0m
2025.11.08 16:49:08 INFO  no build target found for /mnt/c/Simulation/scalation_2.0/src/main/scala/scalation/simulation/process/example_1/CalRoute101.scala. Using presentation compiler with project's scala-library version: 3.3.6[0m
2025.11.08 17:58:34 INFO  Shutting down server[0m
2025.11.08 17:58:34 INFO  shutting down Metals[0m
2025.11.08 17:58:34 INFO  Exiting server[0m
